2026-10-02T10:41:14.643Z west build --build-dir c:/Users/ncs-projects/tidtakersystemGIT/brikke/build_1 c:/Users/ncs-projects/tidtakersystemGIT/brikke --pristine --board nrf54l15dk/nrf54l15/cpuapp -- -DCONFIG_DEBUG_THREAD_INFO=y
2026-10-02T10:41:15.040Z -- west build: generating a build system
2026-10-02T10:41:15.610Z -- Found Python3: C:/ncs/toolchains/4f5b6ad6dd/opt/bin/python.exe (found suitable version "3.12.4", minimum required is "3.12") found components: Interpreter
2026-10-02T10:41:15.653Z -- Cache files will be written to: C:/ncs/v3.4.1/zephyr/.cache
2026-10-02T10:41:15.824Z -- Found west (found suitable version "1.5.0", minimum required is "0.14.0")
2026-10-02T10:41:17.840Z -- Board: nrf54l15dk, qualifiers: nrf54l15/cpuapp
2026-10-02T10:41:27.194Z Parsing C:/ncs/v3.4.1/zephyr/share/sysbuild/Kconfig
2026-10-02T10:41:27.195Z Loaded configuration 'C:/Users/ncs-projects/tidtakersystemGIT/brikke/build_1/_sysbuild/empty.conf'
2026-10-02T10:41:27.195Z Merged configuration 'C:/Users/ncs-projects/tidtakersystemGIT/brikke/build_1/_sysbuild/empty.conf'
2026-10-02T10:41:27.195Z Configuration saved to 'C:/Users/ncs-projects/tidtakersystemGIT/brikke/build_1/zephyr/.config'
2026-10-02T10:41:27.195Z Kconfig header saved to 'C:/Users/ncs-projects/tidtakersystemGIT/brikke/build_1/_sysbuild/autoconf.h'
2026-10-02T10:41:27.656Z -- 
2026-10-02T10:41:27.656Z    ****************************
2026-10-02T10:41:27.656Z    * Running CMake for brikke *
2026-10-02T10:41:27.656Z    ****************************
2026-10-02T10:41:27.656Z 
2026-10-02T10:41:27.715Z -- Application: C:/Users/ncs-projects/tidtakersystemGIT/brikke
2026-10-02T10:41:27.715Z -- CMake version: 4.2.1
2026-10-02T10:41:28.027Z -- Found Python3: C:/ncs/toolchains/4f5b6ad6dd/opt/bin/python.exe (found suitable version "3.12.4", minimum required is "3.12") found components: Interpreter
2026-10-02T10:41:28.059Z -- Cache files will be written to: C:/ncs/v3.4.1/zephyr/.cache
2026-10-02T10:41:28.069Z -- Zephyr version: 4.4.2 (C:/ncs/v3.4.1/zephyr)
2026-10-02T10:41:28.185Z -- Found west (found suitable version "1.5.0", minimum required is "0.14.0")
2026-10-02T10:41:30.318Z -- Board: nrf54l15dk, qualifiers: nrf54l15/cpuapp
2026-10-02T10:41:31.402Z -- Found host-tools: zephyr 1.0.1 (C:/ncs/toolchains/4f5b6ad6dd/opt/zephyr-sdk)
2026-10-02T10:41:31.432Z -- Found toolchain: zephyr 1.0.1 (C:/ncs/toolchains/4f5b6ad6dd/opt/zephyr-sdk)
2026-10-02T10:41:31.816Z -- Found Dtc: C:/ncs/toolchains/4f5b6ad6dd/opt/bin/dtc.exe (found suitable version "1.4.7", minimum required is "1.4.6")
2026-10-02T10:41:31.816Z -- Found BOARD.dts: C:/ncs/v3.4.1/zephyr/boards/nordic/nrf54l15dk/nrf54l15dk_nrf54l15_cpuapp.dts
2026-10-02T10:41:31.816Z -- Found devicetree overlay: C:/Users/ncs-projects/tidtakersystemGIT/brikke/boards/nrf54l15dk_nrf54l15_cpuapp.overlay
2026-10-02T10:42:16.795Z -- Generated zephyr.dts: C:/Users/ncs-projects/tidtakersystemGIT/brikke/build_1/brikke/zephyr/zephyr.dts
2026-10-02T10:42:16.796Z -- Generated pickled edt: C:/Users/ncs-projects/tidtakersystemGIT/brikke/build_1/brikke/zephyr/edt.pickle
2026-10-02T10:42:17.190Z -- Generated devicetree_generated.h: C:/Users/ncs-projects/tidtakersystemGIT/brikke/build_1/brikke/zephyr/include/generated/zephyr/devicetree_generated.h
2026-10-02T10:42:20.110Z Parsing C:/ncs/v3.4.1/zephyr/Kconfig
2026-10-02T10:42:20.111Z Loaded configuration 'C:/ncs/v3.4.1/zephyr/boards/nordic/nrf54l15dk/nrf54l15dk_nrf54l15_cpuapp_defconfig'
2026-10-02T10:42:20.111Z Merged configuration 'C:/Users/ncs-projects/tidtakersystemGIT/brikke/prj.conf'
2026-10-02T10:42:20.111Z Merged configuration 'C:/Users/ncs-projects/tidtakersystemGIT/brikke/build_1/brikke/zephyr/misc/generated/extra_kconfig_options.conf'
2026-10-02T10:42:20.111Z Merged configuration 'C:/Users/ncs-projects/tidtakersystemGIT/brikke/build_1/brikke/zephyr/.config.sysbuild'
2026-10-02T10:42:20.111Z Configuration saved to 'C:/Users/ncs-projects/tidtakersystemGIT/brikke/build_1/brikke/zephyr/.config'
2026-10-02T10:42:20.111Z Kconfig header saved to 'C:/Users/ncs-projects/tidtakersystemGIT/brikke/build_1/brikke/zephyr/include/generated/zephyr/autoconf.h'
2026-10-02T10:42:21.065Z -- Found GnuLd: C:/ncs/toolchains/4f5b6ad6dd/opt/zephyr-sdk/gnu/arm-zephyr-eabi/arm-zephyr-eabi/bin/ld.bfd.exe (found version "2.43.1")
2026-10-02T10:42:24.575Z -- The C compiler identification is GNU 14.3.0
2026-10-02T10:42:25.690Z -- The CXX compiler identification is GNU 14.3.0
2026-10-02T10:42:25.904Z -- The ASM compiler identification is GNU
2026-10-02T10:42:25.915Z -- Found assembler: C:/ncs/toolchains/4f5b6ad6dd/opt/zephyr-sdk/gnu/arm-zephyr-eabi/bin/arm-zephyr-eabi-gcc.exe
2026-10-02T10:42:29.169Z -- Using ccache: C:/ncs/toolchains/4f5b6ad6dd/opt/bin/ccache.exe
2026-10-02T10:42:29.388Z -- Found gen_kobject_list: C:/ncs/v3.4.1/zephyr/scripts/build/gen_kobject_list.py
2026-10-02T10:42:29.600Z -- Configuring done (61.9s)
2026-10-02T10:42:30.275Z -- Generating done (0.7s)
2026-10-02T10:42:30.327Z -- Build files have been written to: C:/Users/ncs-projects/tidtakersystemGIT/brikke/build_1/brikke
2026-10-02T10:42:30.580Z -- Configuring done (75.5s)
2026-10-02T10:42:30.673Z -- Generating done (0.1s)
2026-10-02T10:42:30.694Z -- Build files have been written to: C:/Users/ncs-projects/tidtakersystemGIT/brikke/build_1
2026-10-02T10:42:30.714Z -- west build: building application
2026-10-02T10:42:30.849Z [1/8] Creating directories for 'brikke'
2026-10-02T10:42:30.902Z [2/8] No download step for 'brikke'
2026-10-02T10:42:30.951Z [3/8] No update step for 'brikke'
2026-10-02T10:42:30.999Z [4/8] No patch step for 'brikke'
2026-10-02T10:42:31.043Z [5/8] No configure step for 'brikke'
2026-10-02T10:42:31.044Z [5/8] Performing build step for 'brikke'
2026-10-02T10:42:31.306Z [1/265] Generating ../../zephyr/include/generated/zephyr_commit.h
2026-10-02T10:42:31.308Z [2/265] Generating ../../zephyr/include/generated/ncs_commit.h
2026-10-02T10:42:31.327Z [3/265] Generating ../../zephyr/include/generated/ncs_version.h
2026-10-02T10:42:31.417Z [4/265] Generating include/generated/zephyr/version.h
2026-10-02T10:42:31.418Z -- Zephyr version: 4.4.2 (C:/ncs/v3.4.1/zephyr), build: ncs-v3.4.1
2026-10-02T10:43:15.359Z [5/265] Generating misc/generated/syscalls.json, misc/generated/struct_tags.json
2026-10-02T10:43:15.468Z [6/265] Generating include/generated/device-api-sections.ld, include/generated/device-api-sections.cmake
2026-10-02T10:43:15.525Z [7/265] Generating include/generated/zephyr/driver-validation.h
2026-10-02T10:43:15.525Z [8/265] Generating include/generated/zephyr/kobj-types-enum.h, include/generated/zephyr/otype-to-str.h, include/generated/zephyr/otype-to-size.h
2026-10-02T10:43:15.526Z [9/265] Generating include/generated/zephyr/syscall_dispatch.c, include/generated/zephyr/syscall_exports_llext.c, syscall_weakdefs_llext.c, include/generated/zephyr/syscall_list.h
2026-10-02T10:43:16.073Z [10/265] Building C object zephyr/lib/heap/CMakeFiles/heap_constants.dir/heap_constants.c.obj
2026-10-02T10:43:16.223Z [11/265] Generating ../../include/generated/zephyr/heap_constants.h
2026-10-02T10:43:17.909Z [12/265] Building C object zephyr/CMakeFiles/offsets.dir/arch/arm/core/offsets/offsets.c.obj
2026-10-02T10:43:18.076Z [13/265] Generating include/generated/zephyr/offsets.h
2026-10-02T10:43:18.421Z [14/265] Building C object modules/nrf/subsys/nrf_security/src/CMakeFiles/nrf_security_utils.dir/utils/nrf_security_mem_helpers.c.obj
2026-10-02T10:43:18.437Z [15/265] Building C object modules/nrf/subsys/nrf_security/src/drivers/cracen/CMakeFiles/cracen_psa_driver.dir/sxsymcrypt/src/keyref.c.obj
2026-10-02T10:43:18.849Z [16/265] Building C object modules/nrf/subsys/nrf_security/src/drivers/cracen/CMakeFiles/cracen_psa_driver.dir/silexpk/interface/sxbuf/sxbufops.c.obj
2026-10-02T10:43:18.854Z [17/265] Building C object modules/nrf/subsys/nrf_security/src/drivers/cracen/CMakeFiles/cracen_psa_driver.dir/silexpk/src/blind.c.obj
2026-10-02T10:43:18.897Z [18/265] Building C object modules/nrf/subsys/nrf_security/src/CMakeFiles/nrf_security_utils.dir/utils/nrf_security_events.c.obj
2026-10-02T10:43:19.013Z [19/265] Building C object modules/nrf/subsys/nrf_security/src/CMakeFiles/nrf_security_utils.dir/utils/nrf_security_mutexes.c.obj
2026-10-02T10:43:19.108Z [20/265] Building C object modules/nrf/subsys/nrf_security/src/CMakeFiles/nrf_security_utils.dir/utils/nrf_security_core.c.obj
2026-10-02T10:43:19.146Z [21/265] Building C object modules/nrf/subsys/nrf_security/src/drivers/cracen/CMakeFiles/cracen_psa_driver.dir/sxsymcrypt/src/cmmask.c.obj
2026-10-02T10:43:19.157Z [22/265] Building C object modules/nrf/subsys/nrf_security/src/drivers/cracen/CMakeFiles/cracen_psa_driver.dir/sxsymcrypt/src/cmdma.c.obj
2026-10-02T10:43:19.163Z [23/265] Building C object modules/nrf/subsys/nrf_security/src/drivers/cracen/CMakeFiles/cracen_psa_driver.dir/sxsymcrypt/src/sha3.c.obj
2026-10-02T10:43:19.168Z [24/265] Building C object modules/nrf/subsys/nrf_security/src/drivers/cracen/CMakeFiles/cracen_psa_driver.dir/sxsymcrypt/src/platform/baremetal/cmdma_hw.c.obj
2026-10-02T10:43:19.178Z [25/265] Building C object modules/nrf/subsys/nrf_security/src/drivers/cracen/CMakeFiles/cracen_psa_driver.dir/sxsymcrypt/src/chachapoly.c.obj
2026-10-02T10:43:19.183Z [26/265] Building C object modules/nrf/subsys/nrf_security/src/drivers/cracen/CMakeFiles/cracen_psa_driver.dir/sxsymcrypt/src/cmac.c.obj
2026-10-02T10:43:19.207Z [27/265] Building C object modules/nrf/subsys/nrf_security/src/drivers/cracen/CMakeFiles/cracen_psa_driver.dir/sxsymcrypt/src/hmac.c.obj
2026-10-02T10:43:19.218Z [28/265] Building C object modules/nrf/subsys/nrf_security/src/drivers/cracen/CMakeFiles/cracen_psa_driver.dir/sxsymcrypt/src/platform/baremetal/interrupts.c.obj
2026-10-02T10:43:19.223Z [29/265] Building C object modules/nrf/subsys/nrf_security/src/drivers/cracen/CMakeFiles/cracen_psa_driver.dir/sxsymcrypt/src/mac.c.obj
2026-10-02T10:43:19.228Z [30/265] Building C object modules/nrf/subsys/nrf_security/src/drivers/cracen/CMakeFiles/cracen_psa_driver.dir/sxsymcrypt/src/blkcipher.c.obj
2026-10-02T10:43:19.245Z [31/265] Building C object modules/nrf/subsys/nrf_security/src/drivers/cracen/CMakeFiles/cracen_psa_driver.dir/sxsymcrypt/src/trng.c.obj
2026-10-02T10:43:19.255Z [32/265] Building C object modules/nrf/subsys/nrf_security/src/drivers/cracen/CMakeFiles/cracen_psa_driver.dir/sxsymcrypt/src/hash.c.obj
2026-10-02T10:43:19.272Z [33/265] Building C object modules/nrf/subsys/nrf_security/src/drivers/cracen/CMakeFiles/cracen_psa_driver.dir/sxsymcrypt/src/aead.c.obj
2026-10-02T10:43:19.305Z [34/265] Building C object modules/nrf/subsys/nrf_security/src/drivers/cracen/CMakeFiles/cracen_psa_driver.dir/silexpk/src/ed25519.c.obj
2026-10-02T10:43:19.312Z [35/265] Building C object modules/nrf/subsys/nrf_security/src/drivers/cracen/CMakeFiles/cracen_psa_driver.dir/silexpk/src/ed448.c.obj
2026-10-02T10:43:19.348Z [36/265] Building C object modules/nrf/subsys/nrf_security/src/drivers/cracen/CMakeFiles/cracen_psa_driver.dir/silexpk/src/iomem.c.obj
2026-10-02T10:43:19.582Z [37/265] Building C object modules/nrf/subsys/nrf_security/src/drivers/cracen/CMakeFiles/cracen_psa_driver.dir/silexpk/src/montgomery.c.obj
2026-10-02T10:43:19.646Z [38/265] Building C object modules/nrf/subsys/nrf_security/src/drivers/cracen/CMakeFiles/cracen_psa_driver.dir/silexpk/target/hw/ba414/ba414_status.c.obj
2026-10-02T10:43:19.653Z [39/265] Building C object modules/nrf/subsys/nrf_security/src/drivers/cracen/CMakeFiles/cracen_psa_driver.dir/silexpk/target/hw/ba414/cmddefs_ecjpake.c.obj
2026-10-02T10:43:19.686Z [40/265] Linking C static library modules\nrf\subsys\nrf_security\src\libnrf_security_utils.a
2026-10-02T10:43:19.692Z [41/265] Building C object modules/nrf/subsys/nrf_security/src/drivers/cracen/CMakeFiles/cracen_psa_driver.dir/silexpk/src/statuscodes.c.obj
2026-10-02T10:43:19.700Z [42/265] Building C object modules/nrf/subsys/nrf_security/src/drivers/cracen/CMakeFiles/cracen_psa_driver.dir/common/src/cracen/ec_helpers.c.obj
2026-10-02T10:43:20.056Z [43/265] Building C object modules/nrf/subsys/nrf_security/src/drivers/cracen/CMakeFiles/cracen_psa_driver.dir/silexpk/target/hw/ba414/ec_curves.c.obj
2026-10-02T10:43:20.143Z [44/265] Building C object modules/nrf/subsys/nrf_security/src/drivers/cracen/CMakeFiles/cracen_psa_driver.dir/silexpk/target/baremetal_ba414e_with_ik/pk_baremetal.c.obj
2026-10-02T10:43:20.172Z [45/265] Building C object modules/nrf/subsys/nrf_security/src/drivers/cracen/CMakeFiles/cracen_psa_driver.dir/silexpk/target/hw/ba414/cmddefs_ecc.c.obj
2026-10-02T10:43:20.239Z [46/265] Building C object modules/nrf/subsys/nrf_security/src/drivers/cracen/CMakeFiles/cracen_psa_driver.dir/cracenpsa/src/cracen_psa.c.obj
2026-10-02T10:43:20.282Z [47/265] Building C object modules/nrf/subsys/nrf_security/src/drivers/cracen/CMakeFiles/cracen_psa_driver.dir/common/src/cracen/cracen_rndinrange.c.obj
2026-10-02T10:43:20.303Z [48/265] Building C object modules/nrf/subsys/nrf_security/src/drivers/cracen/CMakeFiles/cracen_psa_driver.dir/common/src/cracen/lib_kmu.c.obj
2026-10-02T10:43:20.308Z [49/265] Building C object modules/nrf/subsys/nrf_security/src/drivers/cracen/CMakeFiles/cracen_psa_driver.dir/silexpk/target/hw/ba414/cmddefs_modmath.c.obj
2026-10-02T10:43:20.314Z [50/265] Building C object modules/nrf/subsys/nrf_security/src/drivers/cracen/CMakeFiles/cracen_psa_driver.dir/cracenpsa/src/internal/aes/cracen_aes_ecb.c.obj
2026-10-02T10:43:20.323Z [51/265] Building C object modules/nrf/subsys/nrf_security/src/drivers/cracen/CMakeFiles/cracen_psa_driver.dir/cracenpsa/src/internal/ecc/cracen_ecc_keygen.c.obj
2026-10-02T10:43:20.360Z [52/265] Building C object modules/nrf/subsys/nrf_security/src/drivers/cracen/CMakeFiles/cracen_psa_driver.dir/cracenpsa/src/internal/aes/cracen_aes_cbc.c.obj
2026-10-02T10:43:20.380Z [53/265] Building C object modules/nrf/subsys/nrf_security/src/drivers/cracen/CMakeFiles/cracen_psa_driver.dir/cracenpsa/src/internal/ecc/cracen_ecc_key_management.c.obj
2026-10-02T10:43:20.389Z [54/265] Building C object modules/nrf/subsys/nrf_security/src/drivers/cracen/CMakeFiles/cracen_psa_driver.dir/cracenpsa/src/cracen_psa_cipher.c.obj
2026-10-02T10:43:20.418Z [55/265] Building C object modules/nrf/subsys/nrf_security/src/drivers/cracen/CMakeFiles/cracen_psa_driver.dir/silexpk/target/hw/ba414/pkhardware_ba414e.c.obj
2026-10-02T10:43:20.569Z [56/265] Building C object modules/nrf/subsys/nrf_security/src/drivers/cracen/CMakeFiles/cracen_psa_driver.dir/common/src/cracen/hardware/hardware.c.obj
2026-10-02T10:43:20.698Z [57/265] Building C object modules/nrf/subsys/nrf_security/src/drivers/cracen/CMakeFiles/cracen_psa_driver.dir/common/src/cracen/prng_pool.c.obj
2026-10-02T10:43:20.884Z [58/265] Building C object modules/nrf/subsys/nrf_security/src/drivers/cracen/CMakeFiles/cracen_psa_driver.dir/cracenpsa/src/cracen_psa_ikg.c.obj
2026-10-02T10:43:20.891Z [59/265] Building C object modules/nrf/subsys/nrf_security/src/drivers/cracen/CMakeFiles/cracen_psa_driver.dir/cracenpsa/src/internal/ecc/cracen_ecc_helpers.c.obj
2026-10-02T10:43:20.929Z [60/265] Building C object modules/nrf/subsys/nrf_security/src/drivers/cracen/CMakeFiles/cracen_psa_driver.dir/cracenpsa/src/internal/pake/cracen_srp_key_management.c.obj
2026-10-02T10:43:20.936Z [61/265] Building C object modules/nrf/subsys/nrf_security/src/drivers/cracen/CMakeFiles/cracen_psa_driver.dir/cracenpsa/src/internal/rsa/cracen_rsa_key_management.c.obj
2026-10-02T10:43:20.940Z [62/265] Building C object modules/nrf/subsys/nrf_security/src/drivers/cracen/CMakeFiles/cracen_psa_driver.dir/common/src/cracen/common.c.obj
2026-10-02T10:43:20.949Z [63/265] Building C object modules/nrf/subsys/nrf_security/src/drivers/cracen/CMakeFiles/cracen_psa_driver.dir/cracenpsa/src/cracen_psa_key_management.c.obj
2026-10-02T10:43:20.961Z [64/265] Building C object modules/nrf/subsys/nrf_security/src/core/nrf_oberon/CMakeFiles/psa_core.dir/C_/ncs/v3.4.1/modules/crypto/oberon-psa-crypto/platform/platform.c.obj
2026-10-02T10:43:20.973Z [65/265] Building C object modules/nrf/subsys/nrf_security/src/drivers/cracen/CMakeFiles/cracen_psa_driver.dir/cracenpsa/src/cracen_psa_ctr_drbg.c.obj
2026-10-02T10:43:20.986Z [66/265] Building C object modules/nrf/subsys/nrf_security/src/core/nrf_oberon/CMakeFiles/psa_core.dir/C_/ncs/v3.4.1/modules/crypto/oberon-psa-crypto/utilities/constant_time.c.obj
2026-10-02T10:43:20.993Z [67/265] Building C object modules/nrf/subsys/nrf_security/src/drivers/cracen/CMakeFiles/cracen_psa_driver.dir/cracenpsa/src/internal/pake/cracen_spake2p_key_management.c.obj
2026-10-02T10:43:21.010Z [68/265] Building C object modules/nrf/subsys/nrf_security/src/core/nrf_oberon/CMakeFiles/psa_core.dir/C_/ncs/v3.4.1/modules/crypto/oberon-psa-crypto/core/psa_crypto_client.c.obj
2026-10-02T10:43:21.016Z [69/265] Building C object modules/nrf/subsys/nrf_security/src/drivers/cracen/CMakeFiles/cracen_psa_driver.dir/cracenpsa/src/internal/pake/cracen_wpa3_key_management.c.obj
2026-10-02T10:43:21.189Z [70/265] Building C object modules/nrf/subsys/nrf_security/src/drivers/cracen/CMakeFiles/cracen_psa_driver.dir/cracenpsa/src/internal/ecc/cracen_ecdsa.c.obj
2026-10-02T10:43:21.267Z [71/265] Building C object modules/nrf/subsys/nrf_security/src/core/nrf_oberon/CMakeFiles/psa_core.dir/C_/ncs/v3.4.1/modules/crypto/oberon-psa-crypto/core/psa_crypto_storage.c.obj
2026-10-02T10:43:21.324Z [72/265] Building C object modules/nrf/subsys/nrf_security/src/core/nrf_oberon/CMakeFiles/psa_core.dir/C_/ncs/v3.4.1/nrf/subsys/nrf_security/src/threading/threading_alt.c.obj
2026-10-02T10:43:21.408Z [73/265] Building C object modules/nrf/subsys/nrf_security/src/CMakeFiles/mbedcrypto.dir/C_/ncs/v3.4.1/modules/crypto/oberon-psa-crypto/utilities/asn1write.c.obj
2026-10-02T10:43:21.443Z [74/265] Building C object modules/nrf/subsys/nrf_security/src/CMakeFiles/mbedcrypto.dir/C_/ncs/v3.4.1/modules/crypto/oberon-psa-crypto/utilities/asn1parse.c.obj
2026-10-02T10:43:21.451Z [75/265] Building C object modules/nrf/subsys/nrf_security/src/core/nrf_oberon/CMakeFiles/psa_core.dir/C_/ncs/v3.4.1/modules/crypto/oberon-psa-crypto/platform/platform_util.c.obj
2026-10-02T10:43:21.476Z [76/265] Building C object modules/nrf/subsys/nrf_security/src/CMakeFiles/mbedcrypto.dir/C_/ncs/v3.4.1/modules/crypto/oberon-psa-crypto/utilities/pem.c.obj
2026-10-02T10:43:21.485Z [77/265] Building C object modules/nrf/subsys/nrf_security/src/CMakeFiles/mbedcrypto.dir/C_/ncs/v3.4.1/modules/crypto/oberon-psa-crypto/legacy_sub/src/bignum.c.obj
2026-10-02T10:43:21.509Z [78/265] Building C object modules/nrf/subsys/nrf_security/src/CMakeFiles/mbedcrypto.dir/C_/ncs/v3.4.1/modules/crypto/oberon-psa-crypto/utilities/pkcs5.c.obj
2026-10-02T10:43:21.604Z [79/265] Building C object modules/nrf/subsys/nrf_security/src/CMakeFiles/mbedcrypto.dir/C_/ncs/v3.4.1/modules/crypto/oberon-psa-crypto/utilities/base64.c.obj
2026-10-02T10:43:21.690Z [80/265] Building C object modules/nrf/subsys/nrf_security/src/CMakeFiles/mbedcrypto.dir/C_/ncs/v3.4.1/modules/crypto/oberon-psa-crypto/legacy_sub/src/bignum_core.c.obj
2026-10-02T10:43:21.736Z [81/265] Building C object modules/nrf/subsys/nrf_security/src/drivers/cracen/CMakeFiles/cracen_psa_driver.dir/cracenpsa/src/cracen_psa_kmu.c.obj
2026-10-02T10:43:21.765Z [82/265] Building C object modules/nrf/subsys/nrf_security/src/CMakeFiles/mbedcrypto.dir/C_/ncs/v3.4.1/modules/crypto/oberon-psa-crypto/legacy_sub/src/ecp.c.obj
2026-10-02T10:43:21.786Z [83/265] Building C object modules/nrf/subsys/nrf_security/src/CMakeFiles/mbedcrypto.dir/C_/ncs/v3.4.1/modules/crypto/oberon-psa-crypto/utilities/oid.c.obj
2026-10-02T10:43:21.852Z [84/265] Building C object modules/nrf/subsys/nrf_security/src/CMakeFiles/mbedcrypto.dir/C_/ncs/v3.4.1/modules/crypto/oberon-psa-crypto/legacy_sub/src/ecp_curves.c.obj
2026-10-02T10:43:21.862Z [85/265] Building C object modules/nrf/subsys/nrf_security/src/CMakeFiles/mbedcrypto.dir/C_/ncs/v3.4.1/modules/crypto/oberon-psa-crypto/extras/md.c.obj
2026-10-02T10:43:21.868Z [86/265] Building C object zephyr/arch/common/CMakeFiles/isr_tables.dir/isr_tables.c.obj
2026-10-02T10:43:21.883Z [87/265] Building C object modules/nrf/subsys/nrf_security/src/core/nrf_oberon/CMakeFiles/psa_core.dir/C_/ncs/v3.4.1/modules/crypto/oberon-psa-crypto/core/psa_crypto_slot_management.c.obj
2026-10-02T10:43:21.975Z [88/265] Building C object modules/nrf/subsys/nrf_security/src/CMakeFiles/mbedcrypto.dir/C_/ncs/v3.4.1/modules/crypto/oberon-psa-crypto/extras/nist_kw.c.obj
2026-10-02T10:43:22.004Z [89/265] Building C object modules/nrf/subsys/nrf_security/src/CMakeFiles/mbedcrypto.dir/C_/ncs/v3.4.1/modules/crypto/oberon-psa-crypto/platform/memory_buffer_alloc.c.obj
2026-10-02T10:43:22.011Z [90/265] Building C object modules/nrf/subsys/nrf_security/src/CMakeFiles/mbedcrypto.dir/C_/ncs/v3.4.1/modules/crypto/oberon-psa-crypto/extras/pk.c.obj
2026-10-02T10:43:22.022Z [91/265] Building C object modules/nrf/subsys/nrf_security/src/CMakeFiles/mbedcrypto.dir/C_/ncs/v3.4.1/modules/crypto/oberon-psa-crypto/legacy_sub/src/psa_util_internal.c.obj
2026-10-02T10:43:22.037Z [92/265] Building C object modules/nrf/subsys/nrf_security/src/CMakeFiles/mbedcrypto.dir/C_/ncs/v3.4.1/modules/crypto/oberon-psa-crypto/extras/pk_wrap.c.obj
2026-10-02T10:43:22.043Z [93/265] Building C object modules/nrf/subsys/nrf_security/src/CMakeFiles/mbedcrypto.dir/C_/ncs/v3.4.1/modules/crypto/oberon-psa-crypto/extras/pk_rsa.c.obj
2026-10-02T10:43:22.049Z [94/265] Building C object modules/nrf/subsys/nrf_security/src/core/nrf_oberon/CMakeFiles/psa_core.dir/C_/ncs/v3.4.1/nrf/subsys/nrf_security/src/mbedtls_psa_platform.c.obj
2026-10-02T10:43:22.105Z [95/265] Building C object modules/nrf/subsys/nrf_security/src/CMakeFiles/mbedcrypto.dir/C_/ncs/v3.4.1/modules/crypto/oberon-psa-crypto/extras/pk_ecc.c.obj
2026-10-02T10:43:22.199Z [96/265] Building C object modules/nrf/subsys/nrf_security/src/core/nrf_oberon/CMakeFiles/psa_core.dir/C_/ncs/v3.4.1/nrf/subsys/nrf_security/src/psa_crypto_driver_wrappers.c.obj
2026-10-02T10:43:22.207Z [97/265] Building C object modules/nrf/subsys/nrf_security/src/CMakeFiles/mbedcrypto.dir/C_/ncs/v3.4.1/modules/crypto/oberon-psa-crypto/extras/pkparse.c.obj
2026-10-02T10:43:22.213Z [98/265] Building C object modules/nrf/subsys/nrf_security/src/CMakeFiles/mbedcrypto.dir/C_/ncs/v3.4.1/modules/crypto/oberon-psa-crypto/extras/pkwrite.c.obj
2026-10-02T10:43:22.279Z [99/265] Linking C static library modules\nrf\subsys\nrf_security\src\drivers\cracen\libcracen_psa_driver.a
2026-10-02T10:43:22.629Z [100/265] Building C object zephyr/CMakeFiles/zephyr.dir/lib/utils/dec.c.obj
2026-10-02T10:43:22.648Z [101/265] Building C object zephyr/CMakeFiles/zephyr.dir/lib/utils/set.c.obj
2026-10-02T10:43:22.719Z [102/265] Building C object zephyr/CMakeFiles/zephyr.dir/lib/utils/hex.c.obj
2026-10-02T10:43:22.829Z [103/265] Building C object modules/nrf/subsys/nrf_security/src/core/nrf_oberon/CMakeFiles/psa_core.dir/C_/ncs/v3.4.1/modules/crypto/oberon-psa-crypto/core/psa_crypto.c.obj
2026-10-02T10:43:22.855Z [104/265] Building C object zephyr/CMakeFiles/zephyr.dir/lib/utils/timeutil.c.obj
2026-10-02T10:43:22.861Z [105/265] Building C object CMakeFiles/app.dir/src/main.c.obj
2026-10-02T10:43:22.918Z [106/265] Building C object modules/nrf/subsys/nrf_security/src/CMakeFiles/mbedcrypto.dir/C_/ncs/v3.4.1/modules/crypto/oberon-psa-crypto/core/psa_util.c.obj
2026-10-02T10:43:22.959Z [107/265] Building C object zephyr/CMakeFiles/zephyr.dir/lib/libc/validate_libc.c.obj
2026-10-02T10:43:23.066Z [108/265] Building C object zephyr/CMakeFiles/zephyr.dir/lib/os/sem.c.obj
2026-10-02T10:43:23.091Z [109/265] Building C object zephyr/CMakeFiles/zephyr.dir/lib/os/cbprintf_packaged.c.obj
2026-10-02T10:43:23.097Z [110/265] Building C object zephyr/CMakeFiles/zephyr.dir/lib/os/clock.c.obj
2026-10-02T10:43:23.122Z [111/265] Building C object zephyr/CMakeFiles/zephyr.dir/lib/os/assert.c.obj
2026-10-02T10:43:23.160Z [112/265] Building C object zephyr/CMakeFiles/zephyr.dir/lib/os/printk.c.obj
2026-10-02T10:43:23.177Z [113/265] Building C object zephyr/CMakeFiles/zephyr.dir/lib/utils/bitmask.c.obj
2026-10-02T10:43:23.214Z [114/265] Building C object zephyr/CMakeFiles/zephyr.dir/lib/os/cbprintf_complete.c.obj
2026-10-02T10:43:23.235Z [115/265] Building C object zephyr/CMakeFiles/zephyr.dir/lib/os/thread_entry.c.obj
2026-10-02T10:43:23.240Z [116/265] Linking C static library modules\nrf\subsys\nrf_security\src\core\nrf_oberon\libpsa_core.a
2026-10-02T10:43:23.245Z [117/265] Building C object zephyr/CMakeFiles/zephyr.dir/lib/heap/heap.c.obj
2026-10-02T10:43:23.250Z [118/265] Building C object zephyr/CMakeFiles/zephyr.dir/lib/utils/rb.c.obj
2026-10-02T10:43:23.375Z [119/265] Building C object zephyr/CMakeFiles/zephyr.dir/lib/utils/last_section_id.c.obj
2026-10-02T10:43:23.421Z [120/265] Building C object zephyr/CMakeFiles/zephyr.dir/lib/utils/ring_buffer.c.obj
2026-10-02T10:43:23.536Z [121/265] Building C object zephyr/CMakeFiles/zephyr.dir/misc/generated/configs.c.obj
2026-10-02T10:43:23.542Z [122/265] Building C object zephyr/CMakeFiles/zephyr.dir/lib/utils/bitarray.c.obj
2026-10-02T10:43:23.649Z [123/265] Building C object zephyr/CMakeFiles/zephyr.dir/lib/utils/getopt/getopt_common.c.obj
2026-10-02T10:43:23.671Z [124/265] Building C object zephyr/CMakeFiles/zephyr.dir/lib/utils/getopt/getopt.c.obj
2026-10-02T10:43:23.679Z [125/265] Linking C static library zephyr\arch\common\libisr_tables.a
2026-10-02T10:43:23.726Z [126/265] Generating linker_zephyr_pre0.cmd
2026-10-02T10:43:23.785Z [127/265] Building C object zephyr/CMakeFiles/zephyr.dir/lib/utils/notify.c.obj
2026-10-02T10:43:23.811Z [128/265] Building C object zephyr/arch/common/CMakeFiles/arch__common.dir/init.c.obj
2026-10-02T10:43:23.872Z [129/265] Building ASM object zephyr/arch/arch/arm/core/CMakeFiles/arch__arm__core.dir/nmi_on_reset.S.obj
2026-10-02T10:43:23.985Z [130/265] Building C object zephyr/CMakeFiles/zephyr.dir/lib/utils/onoff.c.obj
2026-10-02T10:43:24.022Z [131/265] Building C object zephyr/CMakeFiles/zephyr.dir/subsys/debug/thread_info.c.obj
2026-10-02T10:43:24.033Z [132/265] Building ASM object zephyr/arch/arch/arm/core/cortex_m/CMakeFiles/arch__arm__core__cortex_m.dir/fault_s.S.obj
2026-10-02T10:43:24.070Z [133/265] Building C object zephyr/arch/common/CMakeFiles/arch__common.dir/sw_isr_common.c.obj
2026-10-02T10:43:24.081Z [134/265] Building C object zephyr/CMakeFiles/zephyr.dir/subsys/mem_mgmt/mem_attr.c.obj
2026-10-02T10:43:24.103Z [135/265] Building C object zephyr/CMakeFiles/zephyr.dir/subsys/tracing/tracing_none.c.obj
2026-10-02T10:43:24.131Z [136/265] Building C object zephyr/CMakeFiles/zephyr.dir/C_/ncs/v3.4.1/nrf/lib/boot_banner/banner.c.obj
2026-10-02T10:43:24.200Z [137/265] Building C object zephyr/CMakeFiles/zephyr.dir/subsys/random/random_psa.c.obj
2026-10-02T10:43:24.205Z [138/265] Building C object zephyr/arch/common/CMakeFiles/arch__common.dir/xip.c.obj
2026-10-02T10:43:24.252Z [139/265] Building ASM object zephyr/arch/arch/arm/core/cortex_m/CMakeFiles/arch__arm__core__cortex_m.dir/vector_table.S.obj
2026-10-02T10:43:24.353Z [140/265] Building C object zephyr/arch/arch/arm/core/CMakeFiles/arch__arm__core.dir/nmi.c.obj
2026-10-02T10:43:24.358Z [141/265] Building ASM object zephyr/arch/arch/arm/core/cortex_m/CMakeFiles/arch__arm__core__cortex_m.dir/reset.S.obj
2026-10-02T10:43:24.377Z [142/265] Building C object zephyr/arch/arch/arm/core/CMakeFiles/arch__arm__core.dir/fatal.c.obj
2026-10-02T10:43:24.406Z [143/265] Building ASM object zephyr/arch/arch/arm/core/cortex_m/CMakeFiles/arch__arm__core__cortex_m.dir/svc.S.obj
2026-10-02T10:43:24.436Z [144/265] Building C object zephyr/arch/arch/arm/core/CMakeFiles/arch__arm__core.dir/tls.c.obj
2026-10-02T10:43:24.583Z [145/265] Building ASM object zephyr/arch/arch/arm/core/cortex_m/CMakeFiles/arch__arm__core__cortex_m.dir/__aeabi_read_tp.S.obj
2026-10-02T10:43:24.616Z [146/265] Building ASM object zephyr/arch/arch/arm/core/cortex_m/CMakeFiles/arch__arm__core__cortex_m.dir/swap_helper.S.obj
2026-10-02T10:43:24.691Z [147/265] Building C object zephyr/arch/arch/arm/core/cortex_m/CMakeFiles/arch__arm__core__cortex_m.dir/fpu.c.obj
2026-10-02T10:43:24.789Z [148/265] Building C object zephyr/arch/arch/arm/core/cortex_m/CMakeFiles/arch__arm__core__cortex_m.dir/fault.c.obj
2026-10-02T10:43:24.868Z [149/265] Building C object zephyr/arch/arch/arm/core/cortex_m/CMakeFiles/arch__arm__core__cortex_m.dir/scb.c.obj
2026-10-02T10:43:25.030Z [150/265] Building C object zephyr/arch/arch/arm/core/cortex_m/CMakeFiles/arch__arm__core__cortex_m.dir/irq_manage.c.obj
2026-10-02T10:43:25.087Z [151/265] Building C object zephyr/arch/arch/arm/core/cortex_m/CMakeFiles/arch__arm__core__cortex_m.dir/thread.c.obj
2026-10-02T10:43:25.092Z [152/265] Building C object zephyr/arch/arch/arm/core/cortex_m/CMakeFiles/arch__arm__core__cortex_m.dir/cpu_idle.c.obj
2026-10-02T10:43:25.113Z [153/265] Building C object zephyr/arch/arch/arm/core/cortex_m/CMakeFiles/arch__arm__core__cortex_m.dir/prep_c.c.obj
2026-10-02T10:43:25.166Z [154/265] Building C object zephyr/arch/arch/arm/core/cortex_m/CMakeFiles/arch__arm__core__cortex_m.dir/thread_abort.c.obj
2026-10-02T10:43:25.199Z [155/265] Building C object zephyr/arch/arch/arm/core/cortex_m/CMakeFiles/arch__arm__core__cortex_m.dir/irq_init.c.obj
2026-10-02T10:43:25.218Z [156/265] Building C object zephyr/arch/arch/arm/core/cortex_m/CMakeFiles/arch__arm__core__cortex_m.dir/exc_exit.c.obj
2026-10-02T10:43:25.280Z [157/265] Building C object zephyr/arch/arch/arm/core/cortex_m/CMakeFiles/arch__arm__core__cortex_m.dir/isr_wrapper.c.obj
2026-10-02T10:43:25.451Z [158/265] Building C object zephyr/arch/arch/arm/core/cortex_m/cmse/CMakeFiles/arch__arm__core__cortex_m__cmse.dir/arm_core_cmse.c.obj
2026-10-02T10:43:25.519Z [159/265] Building C object zephyr/arch/arch/arm/core/mpu/CMakeFiles/arch__arm__core__mpu.dir/arm_core_mpu.c.obj
2026-10-02T10:43:25.524Z [160/265] Building C object zephyr/arch/arch/arm/core/mpu/CMakeFiles/arch__arm__core__mpu.dir/arm_mpu_regions.c.obj
2026-10-02T10:43:25.602Z [161/265] Building C object zephyr/lib/libc/picolibc/CMakeFiles/lib__libc__picolibc.dir/assert.c.obj
2026-10-02T10:43:25.630Z [162/265] Building C object zephyr/arch/arch/arm/core/mpu/CMakeFiles/arch__arm__core__mpu.dir/arm_mpu.c.obj
2026-10-02T10:43:25.702Z [163/265] Building C object zephyr/lib/libc/common/CMakeFiles/lib__libc__common.dir/source/time/time.c.obj
2026-10-02T10:43:25.763Z [164/265] Building C object zephyr/lib/libc/picolibc/CMakeFiles/lib__libc__picolibc.dir/cbprintf.c.obj
2026-10-02T10:43:25.823Z [165/265] Building C object zephyr/lib/posix/c_lib_ext/CMakeFiles/lib__posix__c_lib_ext.dir/fnmatch.c.obj
2026-10-02T10:43:25.917Z [166/265] Building C object zephyr/lib/libc/picolibc/CMakeFiles/lib__libc__picolibc.dir/chk_fail.c.obj
2026-10-02T10:43:25.930Z [167/265] Building C object zephyr/lib/libc/picolibc/CMakeFiles/lib__libc__picolibc.dir/exit.c.obj
2026-10-02T10:43:25.935Z [168/265] Building C object zephyr/lib/libc/picolibc/CMakeFiles/lib__libc__picolibc.dir/errno_wrap.c.obj
2026-10-02T10:43:25.971Z [169/265] Building C object zephyr/lib/libc/picolibc/CMakeFiles/lib__libc__picolibc.dir/locks.c.obj
2026-10-02T10:43:26.050Z [170/265] Building C object zephyr/lib/libc/common/CMakeFiles/lib__libc__common.dir/source/stdlib/abort.c.obj
2026-10-02T10:43:26.078Z [171/265] Building C object zephyr/lib/libc/picolibc/CMakeFiles/lib__libc__picolibc.dir/stdio.c.obj
2026-10-02T10:43:26.229Z [172/265] Building C object zephyr/soc/soc/nrf54l15/CMakeFiles/soc__nordic.dir/validate_rram_partitions.c.obj
2026-10-02T10:43:26.281Z [173/265] Building C object zephyr/lib/libc/common/CMakeFiles/lib__libc__common.dir/source/stdlib/malloc.c.obj
2026-10-02T10:43:26.348Z [174/265] Building C object zephyr/lib/posix/c_lib_ext/CMakeFiles/lib__posix__c_lib_ext.dir/getentropy.c.obj
2026-10-02T10:43:26.355Z [175/265] Building C object zephyr/soc/soc/nrf54l15/CMakeFiles/soc__nordic.dir/validate_base_addresses.c.obj
2026-10-02T10:43:26.437Z [176/265] Building C object zephyr/soc/soc/nrf54l15/CMakeFiles/soc__nordic.dir/validate_enabled_instances.c.obj
2026-10-02T10:43:26.449Z [177/265] Building C object zephyr/soc/soc/nrf54l15/CMakeFiles/soc__nordic.dir/validate_binding_headers.c.obj
2026-10-02T10:43:26.460Z [178/265] Building C object zephyr/lib/posix/c_lib_ext/CMakeFiles/lib__posix__c_lib_ext.dir/getopt_shim.c.obj
2026-10-02T10:43:26.549Z [179/265] Building C object zephyr/soc/soc/nrf54l15/CMakeFiles/soc__nordic.dir/nrf54l/soc.c.obj
2026-10-02T10:43:26.568Z [180/265] Building C object zephyr/drivers/pinctrl/CMakeFiles/drivers__pinctrl.dir/common.c.obj
2026-10-02T10:43:26.591Z [181/265] Building C object zephyr/soc/soc/nrf54l15/CMakeFiles/soc__nordic.dir/common/reboot.c.obj
2026-10-02T10:43:26.704Z [182/265] Linking C static library modules\nrf\subsys\nrf_security\src\libmbedcrypto.a
2026-10-02T10:43:26.817Z [183/265] Building C object zephyr/drivers/cache/CMakeFiles/drivers__cache.dir/cache_nrf.c.obj
2026-10-02T10:43:26.835Z [184/265] Building C object zephyr/drivers/console/CMakeFiles/drivers__console.dir/uart_console.c.obj
2026-10-02T10:43:26.979Z [185/265] Building C object zephyr/drivers/timer/CMakeFiles/drivers__timer.dir/sys_clock_init.c.obj
2026-10-02T10:43:27.009Z [186/265] Building C object modules/hal_nordic/modules/hal_nordic/nrfx/CMakeFiles/nrfx.dir/C_/ncs/v3.4.1/modules/hal/nordic/nrfx/bsp/stable/mdk/system_nrf54l.c.obj
2026-10-02T10:43:27.103Z [187/265] Building C object zephyr/drivers/clock_control/CMakeFiles/drivers__clock_control.dir/clock_control_nrf.c.obj
2026-10-02T10:43:27.360Z [188/265] Building C object modules/nrf/subsys/nrf_security/src/zephyr/CMakeFiles/mbedtls_zephyr.dir/psa_crypto_init.c.obj
2026-10-02T10:43:27.367Z [189/265] Building C object modules/hal_nordic/modules/hal_nordic/nrfx/CMakeFiles/nrfx.dir/C_/ncs/v3.4.1/modules/hal/nordic/nrfx/helpers/nrfx_ram_ctrl.c.obj
2026-10-02T10:43:27.439Z [190/265] Building C object zephyr/drivers/pinctrl/CMakeFiles/drivers__pinctrl.dir/pinctrl_nrf.c.obj
2026-10-02T10:43:27.470Z [191/265] Building C object zephyr/drivers/timer/CMakeFiles/drivers__timer.dir/nrf_grtc_timer.c.obj
2026-10-02T10:43:27.491Z [192/265] Building C object modules/hal_nordic/modules/hal_nordic/nrfx/CMakeFiles/nrfx.dir/C_/ncs/v3.4.1/modules/hal/nordic/nrfx/helpers/nrfx_flag32_allocator.c.obj
2026-10-02T10:43:27.522Z [193/265] Building C object zephyr/soc/soc/nrf54l15/CMakeFiles/soc__nordic.dir/common/gpiote_nrfx.c.obj
2026-10-02T10:43:27.547Z [194/265] Building C object modules/hal_nordic/modules/hal_nordic/nrfx/CMakeFiles/nrfx.dir/C_/ncs/v3.4.1/modules/hal/nordic/nrfx/drivers/src/nrfx_clock_hfclkaudio.c.obj
2026-10-02T10:43:27.552Z [195/265] Building C object modules/hal_nordic/modules/hal_nordic/nrfx/CMakeFiles/nrfx.dir/nrfx_glue.c.obj
2026-10-02T10:43:27.570Z [196/265] Building C object modules/hal_nordic/modules/hal_nordic/nrfx/CMakeFiles/nrfx.dir/C_/ncs/v3.4.1/modules/hal/nordic/nrfx/drivers/src/nrfx_clock_hfclk192m.c.obj
2026-10-02T10:43:27.604Z [197/265] Building C object modules/hal_nordic/modules/hal_nordic/nrfx/CMakeFiles/nrfx.dir/C_/ncs/v3.4.1/modules/hal/nordic/nrfx/drivers/src/nrfx_clock_hfclk.c.obj
2026-10-02T10:43:27.619Z [198/265] Building C object zephyr/drivers/gpio/CMakeFiles/drivers__gpio.dir/gpio_nrfx.c.obj
2026-10-02T10:43:27.633Z [199/265] Building C object modules/hal_nordic/modules/hal_nordic/nrfx/CMakeFiles/nrfx.dir/C_/ncs/v3.4.1/modules/hal/nordic/nrfx/drivers/src/nrfx_clock.c.obj
2026-10-02T10:43:27.738Z [200/265] Building C object modules/hal_nordic/modules/hal_nordic/nrfx/CMakeFiles/nrfx.dir/C_/ncs/v3.4.1/modules/hal/nordic/nrfx/drivers/src/nrfx_clock_xo.c.obj
2026-10-02T10:43:27.781Z [201/265] Building C object modules/hal_nordic/modules/hal_nordic/nrfx/CMakeFiles/nrfx.dir/C_/ncs/v3.4.1/modules/hal/nordic/nrfx/drivers/src/nrfx_clock_lfclk.c.obj
2026-10-02T10:43:27.890Z [202/265] Building C object modules/hal_nordic/modules/hal_nordic/nrfx/CMakeFiles/nrfx.dir/C_/ncs/v3.4.1/modules/hal/nordic/nrfx/drivers/src/nrfx_clock_xo24m.c.obj
2026-10-02T10:43:28.100Z [203/265] Building C object zephyr/kernel/CMakeFiles/kernel.dir/version.c.obj
2026-10-02T10:43:28.273Z [204/265] Building C object modules/hal_nordic/modules/hal_nordic/nrfx/CMakeFiles/nrfx.dir/C_/ncs/v3.4.1/modules/hal/nordic/nrfx/drivers/src/nrfx_grtc.c.obj
2026-10-02T10:43:28.458Z [205/265] Building C object zephyr/kernel/CMakeFiles/kernel.dir/errno.c.obj
2026-10-02T10:43:28.522Z [206/265] Building C object zephyr/kernel/CMakeFiles/kernel.dir/main_weak.c.obj
2026-10-02T10:43:28.555Z [207/265] Building C object modules/hal_nordic/modules/hal_nordic/nrfx/CMakeFiles/nrfx.dir/C_/ncs/v3.4.1/modules/hal/nordic/nrfx/drivers/src/nrfx_rramc.c.obj
2026-10-02T10:43:28.575Z [208/265] Building C object zephyr/kernel/CMakeFiles/kernel.dir/banner.c.obj
2026-10-02T10:43:28.595Z [209/265] Building C object zephyr/kernel/CMakeFiles/kernel.dir/busy_wait.c.obj
2026-10-02T10:43:28.658Z [210/265] Building C object zephyr/kernel/CMakeFiles/kernel.dir/fatal.c.obj
2026-10-02T10:43:28.672Z [211/265] Building C object zephyr/kernel/CMakeFiles/kernel.dir/float.c.obj
2026-10-02T10:43:28.677Z [212/265] Building C object zephyr/kernel/CMakeFiles/kernel.dir/device.c.obj
2026-10-02T10:43:28.710Z [213/265] Building C object zephyr/kernel/CMakeFiles/kernel.dir/init.c.obj
2026-10-02T10:43:28.729Z [214/265] Building C object zephyr/kernel/CMakeFiles/kernel.dir/kheap.c.obj
2026-10-02T10:43:28.859Z [215/265] Building C object zephyr/kernel/CMakeFiles/kernel.dir/mem_slab.c.obj
2026-10-02T10:43:28.913Z [216/265] Building C object zephyr/kernel/CMakeFiles/kernel.dir/idle.c.obj
2026-10-02T10:43:29.111Z [217/265] Building C object zephyr/kernel/CMakeFiles/kernel.dir/msg_q.c.obj
2026-10-02T10:43:29.335Z [218/265] Building C object zephyr/kernel/CMakeFiles/kernel.dir/mailbox.c.obj
2026-10-02T10:43:29.395Z [219/265] Building C object zephyr/kernel/CMakeFiles/kernel.dir/mutex.c.obj
2026-10-02T10:43:29.406Z [220/265] Building C object modules/hal_nordic/modules/hal_nordic/nrfx/CMakeFiles/nrfx.dir/C_/ncs/v3.4.1/modules/hal/nordic/nrfx/drivers/src/nrfx_gpiote.c.obj
2026-10-02T10:43:29.514Z [221/265] Building C object zephyr/kernel/CMakeFiles/kernel.dir/queue.c.obj
2026-10-02T10:43:29.645Z [222/265] Building C object zephyr/kernel/CMakeFiles/kernel.dir/stack.c.obj
2026-10-02T10:43:29.689Z [223/265] Building C object zephyr/kernel/CMakeFiles/kernel.dir/timeslicing.c.obj
2026-10-02T10:43:29.723Z [224/265] Building C object zephyr/kernel/CMakeFiles/kernel.dir/system_work_q.c.obj
2026-10-02T10:43:29.755Z [225/265] Building C object zephyr/kernel/CMakeFiles/kernel.dir/condvar.c.obj
2026-10-02T10:43:29.795Z [226/265] Building C object zephyr/kernel/CMakeFiles/kernel.dir/sem.c.obj
2026-10-02T10:43:29.815Z [227/265] Building C object zephyr/kernel/CMakeFiles/kernel.dir/thread.c.obj
2026-10-02T10:43:29.872Z [228/265] Linking C static library app\libapp.a
2026-10-02T10:43:29.909Z [229/265] Building C object zephyr/kernel/CMakeFiles/kernel.dir/pipe.c.obj
2026-10-02T10:43:29.927Z [230/265] Building C object zephyr/kernel/CMakeFiles/kernel.dir/thread_monitor.c.obj
2026-10-02T10:43:29.942Z [231/265] Building C object zephyr/kernel/CMakeFiles/kernel.dir/timeout.c.obj
2026-10-02T10:43:29.987Z [232/265] Linking C static library zephyr\libzephyr.a
2026-10-02T10:43:30.003Z [233/265] Building C object zephyr/kernel/CMakeFiles/kernel.dir/timer.c.obj
2026-10-02T10:43:30.015Z [234/265] Building C object zephyr/kernel/CMakeFiles/kernel.dir/sched.c.obj
2026-10-02T10:43:30.032Z [235/265] Building C object zephyr/CMakeFiles/zephyr_pre0.dir/misc/empty_file.c.obj
2026-10-02T10:43:30.046Z [236/265] Linking C static library zephyr\arch\arch\arm\core\libarch__arm__core.a
2026-10-02T10:43:30.055Z [237/265] Linking C static library zephyr\arch\common\libarch__common.a
2026-10-02T10:43:30.121Z [238/265] Linking C static library zephyr\arch\arch\arm\core\mpu\libarch__arm__core__mpu.a
2026-10-02T10:43:30.129Z [239/265] Building C object zephyr/kernel/CMakeFiles/kernel.dir/work.c.obj
2026-10-02T10:43:30.140Z [240/265] Building C object zephyr/kernel/CMakeFiles/kernel.dir/events.c.obj
2026-10-02T10:43:30.140Z [241/265] Linking C static library zephyr\lib\libc\picolibc\liblib__libc__picolibc.a
2026-10-02T10:43:30.140Z [242/265] Linking C static library zephyr\arch\arch\arm\core\cortex_m\cmse\libarch__arm__core__cortex_m__cmse.a
2026-10-02T10:43:30.140Z [243/265] Linking C static library zephyr\arch\arch\arm\core\cortex_m\libarch__arm__core__cortex_m.a
2026-10-02T10:43:30.168Z [244/265] Linking C static library zephyr\soc\soc\nrf54l15\libsoc__nordic.a
2026-10-02T10:43:30.183Z [245/265] Linking C static library zephyr\lib\libc\common\liblib__libc__common.a
2026-10-02T10:43:30.189Z [246/265] Linking C static library zephyr\lib\posix\c_lib_ext\liblib__posix__c_lib_ext.a
2026-10-02T10:43:30.223Z [247/265] Building C object zephyr/kernel/CMakeFiles/kernel.dir/dynamic_disabled.c.obj
2026-10-02T10:43:30.239Z [248/265] Linking C static library zephyr\drivers\clock_control\libdrivers__clock_control.a
2026-10-02T10:43:30.250Z [249/265] Linking C static library zephyr\drivers\gpio\libdrivers__gpio.a
2026-10-02T10:43:30.257Z [250/265] Linking C static library zephyr\drivers\cache\libdrivers__cache.a
2026-10-02T10:43:30.257Z [251/265] Linking C static library zephyr\drivers\console\libdrivers__console.a
2026-10-02T10:43:30.258Z [252/265] Building C object zephyr/kernel/CMakeFiles/kernel.dir/mempool.c.obj
2026-10-02T10:43:30.265Z [253/265] Linking C static library zephyr\drivers\pinctrl\libdrivers__pinctrl.a
2026-10-02T10:43:30.286Z [254/265] Linking C static library zephyr\drivers\timer\libdrivers__timer.a
2026-10-02T10:43:30.287Z [255/265] Linking C static library modules\nrf\subsys\nrf_security\src\zephyr\libmbedtls_zephyr.a
2026-10-02T10:43:30.303Z [256/265] Linking C static library modules\hal_nordic\modules\hal_nordic\nrfx\libnrfx.a
2026-10-02T10:43:30.393Z [257/265] Linking C static library zephyr\kernel\libkernel.a
2026-10-02T10:43:30.707Z [258/265] Building C object zephyr/drivers/serial/CMakeFiles/drivers__serial.dir/uart_nrfx_uarte.c.obj
2026-10-02T10:43:30.800Z [259/265] Linking C static library zephyr\drivers\serial\libdrivers__serial.a
2026-10-02T10:43:30.990Z [260/265] Linking C executable zephyr\zephyr_pre0.elf; Logical command for additional byproducts on target: zephyr_pre0
2026-10-02T10:43:31.105Z [261/265] Generating linker.cmd
2026-10-02T10:43:31.281Z [262/265] Generating isr_tables.c, isr_tables_vt.ld, isr_tables_swi.ld
2026-10-02T10:43:31.311Z [263/265] Building C object zephyr/CMakeFiles/zephyr_final.dir/misc/empty_file.c.obj
2026-10-02T10:43:31.717Z [264/265] Building C object zephyr/CMakeFiles/zephyr_final.dir/isr_tables.c.obj
2026-10-02T10:43:32.338Z [265/265] Linking C executable zephyr\zephyr.elf
2026-10-02T10:43:32.339Z Memory region         Used Size  Region Size  %age Used
2026-10-02T10:43:32.339Z            FLASH:       31368 B      1524 KB      2.01%
2026-10-02T10:43:32.339Z              RAM:        5952 B       256 KB      2.27%
2026-10-02T10:43:32.339Z         IDT_LIST:           0 B        32 KB      0.00%
2026-10-02T10:43:32.339Z Generating files from C:/Users/ncs-projects/tidtakersystemGIT/brikke/build_1/brikke/zephyr/zephyr.elf for board: nrf54l15dk/nrf54l15/cpuapp
2026-10-02T10:43:32.379Z [7/8] No install step for 'brikke'
2026-10-02T10:43:32.447Z [8/8] Completed 'brikke'
